// Jest Snapshot v1, https://goo.gl/fbAQLP

exports[`renders correctly 1`] = `
ShallowWrapper {
  "length": 1,
  Symbol(enzyme.__root__): [Circular],
  Symbol(enzyme.__unrendered__): <TheUserDraft
    createDraft={[Function]}
/>,
  Symbol(enzyme.__renderer__): Object {
    "batchedUpdates": [Function],
    "getNode": [Function],
    "render": [Function],
    "simulateEvent": [Function],
    "unmount": [Function],
  },
  Symbol(enzyme.__node__): Object {
    "instance": null,
    "key": undefined,
    "nodeType": "host",
    "props": Object {
      "children": Array [
        <Apollo(draftsList) />,
        <withStyles(Button)
          color="primary"
          label="draftCreate"
          onClick={[Function]}
          raised="raised"
>
          CREATE NEW DRAFT
</withStyles(Button)>,
      ],
    },
    "ref": null,
    "rendered": Array [
      Object {
        "instance": null,
        "key": undefined,
        "nodeType": "class",
        "props": Object {},
        "ref": null,
        "rendered": null,
        "type": [Function],
      },
      Object {
        "instance": null,
        "key": undefined,
        "nodeType": "class",
        "props": Object {
          "children": "CREATE NEW DRAFT",
          "color": "primary",
          "label": "draftCreate",
          "onClick": [Function],
          "raised": "raised",
        },
        "ref": null,
        "rendered": "CREATE NEW DRAFT",
        "type": [Function],
      },
    ],
    "type": "div",
  },
  Symbol(enzyme.__nodes__): Array [
    Object {
      "instance": null,
      "key": undefined,
      "nodeType": "host",
      "props": Object {
        "children": Array [
          <Apollo(draftsList) />,
          <withStyles(Button)
            color="primary"
            label="draftCreate"
            onClick={[Function]}
            raised="raised"
>
            CREATE NEW DRAFT
</withStyles(Button)>,
        ],
      },
      "ref": null,
      "rendered": Array [
        Object {
          "instance": null,
          "key": undefined,
          "nodeType": "class",
          "props": Object {},
          "ref": null,
          "rendered": null,
          "type": [Function],
        },
        Object {
          "instance": null,
          "key": undefined,
          "nodeType": "class",
          "props": Object {
            "children": "CREATE NEW DRAFT",
            "color": "primary",
            "label": "draftCreate",
            "onClick": [Function],
            "raised": "raised",
          },
          "ref": null,
          "rendered": "CREATE NEW DRAFT",
          "type": [Function],
        },
      ],
      "type": "div",
    },
  ],
  Symbol(enzyme.__options__): Object {
    "adapter": ReactSixteenAdapter {
      "options": Object {
        "enableComponentDidUpdateOnSetState": true,
      },
    },
  },
}
`;
